2026-01-24 00:20:05.508 [main] INFO  c.simmerr.xsdjson.parser.XsdLoader - Loading File from path /var/folders/ly/sp4kr9jx5yb1ckkddfh5qblw0000gn/T/junit15493976142028636653/invalid.txt
2026-01-24 00:20:05.509 [main] ERROR c.simmerr.xsdjson.parser.XsdLoader - XSD file not found: /Users/robert/Projects/XsdJsonGenerator/var/folders/ly/sp4kr9jx5yb1ckkddfh5qblw0000gn/T/junit15493976142028636653/invalid.txt
2026-01-24 00:20:05.517 [main] INFO  c.simmerr.xsdjson.parser.XsdLoader - Loading File from path src/test/resources/simple-person.xsd
2026-01-24 00:20:05.537 [main] INFO  c.simmerr.xsdjson.parser.XsdLoader - Successfully loaded XSD Schema with namespaces null, http://www.w3.org/2001/XMLSchema
2026-01-24 00:20:05.539 [main] INFO  c.simmerr.xsdjson.parser.XsdLoader - Loading File from path src/test/resources/invald.xsd
2026-01-24 00:20:05.539 [main] ERROR c.simmerr.xsdjson.parser.XsdLoader - XSD file not found: /Users/robert/Projects/XsdJsonGenerator/src/test/resources/invald.xsd
2026-01-24 00:20:43.824 [main] INFO  c.simmerr.xsdjson.parser.XsdLoader - Loading File from path src/test/resources/simple-person.xsd
2026-01-24 00:20:43.846 [main] INFO  c.simmerr.xsdjson.parser.XsdLoader - Successfully loaded XSD Schema with namespaces null, http://www.w3.org/2001/XMLSchema
2026-01-24 00:20:52.384 [main] INFO  c.simmerr.xsdjson.parser.XsdLoader - Loading File from path src/test/resources/invald.xsd
2026-01-24 00:20:52.385 [main] ERROR c.simmerr.xsdjson.parser.XsdLoader - XSD file not found: /Users/robert/Projects/XsdJsonGenerator/src/test/resources/invald.xsd
2026-01-24 00:21:43.182 [main] INFO  c.simmerr.xsdjson.parser.XsdLoader - Loading File from path src/test/resources/invald.xsd
2026-01-24 00:21:43.183 [main] ERROR c.simmerr.xsdjson.parser.XsdLoader - XSD file not found: /Users/robert/Projects/XsdJsonGenerator/src/test/resources/invald.xsd
2026-01-24 00:21:50.179 [main] INFO  c.simmerr.xsdjson.parser.XsdLoader - Loading File from path /var/folders/ly/sp4kr9jx5yb1ckkddfh5qblw0000gn/T/junit2405458180752349025/invalid.txt
2026-01-24 00:21:50.181 [main] ERROR c.simmerr.xsdjson.parser.XsdLoader - XSD file not found: /Users/robert/Projects/XsdJsonGenerator/var/folders/ly/sp4kr9jx5yb1ckkddfh5qblw0000gn/T/junit2405458180752349025/invalid.txt
2026-01-24 00:26:36.825 [main] INFO  c.simmerr.xsdjson.parser.XsdLoader - Loading File from path /var/folders/ly/sp4kr9jx5yb1ckkddfh5qblw0000gn/T/junit18372089298187443024/invalid.txt
2026-01-24 00:26:36.844 [main] INFO  c.simmerr.xsdjson.parser.XsdLoader - Failed to parse the XSD schema: /var/folders/ly/sp4kr9jx5yb1ckkddfh5qblw0000gn/T/junit18372089298187443024/invalid.txt
2026-01-24 00:26:36.844 [main] ERROR c.simmerr.xsdjson.parser.XsdLoader - Error loading XSD schema: Failed to parse XSD schema (invalid format)
com.simmerr.xsdjson.exceptions.XsdLoadException: Failed to parse XSD schema (invalid format)
	at com.simmerr.xsdjson.parser.XsdLoader.loadSchema(XsdLoader.java:28)
	at com.simmerr.parser.XsdLoaderTest.lambda$testLoadInvalidXsd$1(XsdLoaderTest.java:57)
	at org.junit.jupiter.api.AssertThrows.assertThrows(AssertThrows.java:53)
	at org.junit.jupiter.api.AssertThrows.assertThrows(AssertThrows.java:35)
	at org.junit.jupiter.api.Assertions.assertThrows(Assertions.java:3115)
	at com.simmerr.parser.XsdLoaderTest.testLoadInvalidXsd(XsdLoaderTest.java:55)
	at java.base/jdk.internal.reflect.NativeMethodAccessorImpl.invoke0(Native Method)
	at java.base/jdk.internal.reflect.NativeMethodAccessorImpl.invoke(NativeMethodAccessorImpl.java:77)
	at java.base/jdk.internal.reflect.DelegatingMethodAccessorImpl.invoke(DelegatingMethodAccessorImpl.java:43)
	at java.base/java.lang.reflect.Method.invoke(Method.java:569)
	at org.junit.platform.commons.util.ReflectionUtils.invokeMethod(ReflectionUtils.java:728)
	at org.junit.jupiter.engine.execution.MethodInvocation.proceed(MethodInvocation.java:60)
	at org.junit.jupiter.engine.execution.InvocationInterceptorChain$ValidatingInvocation.proceed(InvocationInterceptorChain.java:131)
	at org.junit.jupiter.engine.extension.TimeoutExtension.intercept(TimeoutExtension.java:156)
	at org.junit.jupiter.engine.extension.TimeoutExtension.interceptTestableMethod(TimeoutExtension.java:147)
	at org.junit.jupiter.engine.extension.TimeoutExtension.interceptTestMethod(TimeoutExtension.java:86)
	at org.junit.jupiter.engine.execution.InterceptingExecutableInvoker$ReflectiveInterceptorCall.lambda$ofVoidMethod$0(InterceptingExecutableInvoker.java:103)
	at org.junit.jupiter.engine.execution.InterceptingExecutableInvoker.lambda$invoke$0(InterceptingExecutableInvoker.java:93)
	at org.junit.jupiter.engine.execution.InvocationInterceptorChain$InterceptedInvocation.proceed(InvocationInterceptorChain.java:106)
	at org.junit.jupiter.engine.execution.InvocationInterceptorChain.proceed(InvocationInterceptorChain.java:64)
	at org.junit.jupiter.engine.execution.InvocationInterceptorChain.chainAndInvoke(InvocationInterceptorChain.java:45)
	at org.junit.jupiter.engine.execution.InvocationInterceptorChain.invoke(InvocationInterceptorChain.java:37)
	at org.junit.jupiter.engine.execution.InterceptingExecutableInvoker.invoke(InterceptingExecutableInvoker.java:92)
	at org.junit.jupiter.engine.execution.InterceptingExecutableInvoker.invoke(InterceptingExecutableInvoker.java:86)
	at org.junit.jupiter.engine.descriptor.TestMethodTestDescriptor.lambda$invokeTestMethod$7(TestMethodTestDescriptor.java:218)
	at org.junit.platform.engine.support.hierarchical.ThrowableCollector.execute(ThrowableCollector.java:73)
	at org.junit.jupiter.engine.descriptor.TestMethodTestDescriptor.invokeTestMethod(TestMethodTestDescriptor.java:214)
	at org.junit.jupiter.engine.descriptor.TestMethodTestDescriptor.execute(TestMethodTestDescriptor.java:139)
	at org.junit.jupiter.engine.descriptor.TestMethodTestDescriptor.execute(TestMethodTestDescriptor.java:69)
	at org.junit.platform.engine.support.hierarchical.NodeTestTask.lambda$executeRecursively$6(NodeTestTask.java:151)
	at org.junit.platform.engine.support.hierarchical.ThrowableCollector.execute(ThrowableCollector.java:73)
	at org.junit.platform.engine.support.hierarchical.NodeTestTask.lambda$executeRecursively$8(NodeTestTask.java:141)
	at org.junit.platform.engine.support.hierarchical.Node.around(Node.java:137)
	at org.junit.platform.engine.support.hierarchical.NodeTestTask.lambda$executeRecursively$9(NodeTestTask.java:139)
	at org.junit.platform.engine.support.hierarchical.ThrowableCollector.execute(ThrowableCollector.java:73)
	at org.junit.platform.engine.support.hierarchical.NodeTestTask.executeRecursively(NodeTestTask.java:138)
	at org.junit.platform.engine.support.hierarchical.NodeTestTask.execute(NodeTestTask.java:95)
	at java.base/java.util.ArrayList.forEach(ArrayList.java:1511)
	at org.junit.platform.engine.support.hierarchical.SameThreadHierarchicalTestExecutorService.invokeAll(SameThreadHierarchicalTestExecutorService.java:41)
	at org.junit.platform.engine.support.hierarchical.NodeTestTask.lambda$executeRecursively$6(NodeTestTask.java:155)
	at org.junit.platform.engine.support.hierarchical.ThrowableCollector.execute(ThrowableCollector.java:73)
	at org.junit.platform.engine.support.hierarchical.NodeTestTask.lambda$executeRecursively$8(NodeTestTask.java:141)
	at org.junit.platform.engine.support.hierarchical.Node.around(Node.java:137)
	at org.junit.platform.engine.support.hierarchical.NodeTestTask.lambda$executeRecursively$9(NodeTestTask.java:139)
	at org.junit.platform.engine.support.hierarchical.ThrowableCollector.execute(ThrowableCollector.java:73)
	at org.junit.platform.engine.support.hierarchical.NodeTestTask.executeRecursively(NodeTestTask.java:138)
	at org.junit.platform.engine.support.hierarchical.NodeTestTask.execute(NodeTestTask.java:95)
	at java.base/java.util.ArrayList.forEach(ArrayList.java:1511)
	at org.junit.platform.engine.support.hierarchical.SameThreadHierarchicalTestExecutorService.invokeAll(SameThreadHierarchicalTestExecutorService.java:41)
	at org.junit.platform.engine.support.hierarchical.NodeTestTask.lambda$executeRecursively$6(NodeTestTask.java:155)
	at org.junit.platform.engine.support.hierarchical.ThrowableCollector.execute(ThrowableCollector.java:73)
	at org.junit.platform.engine.support.hierarchical.NodeTestTask.lambda$executeRecursively$8(NodeTestTask.java:141)
	at org.junit.platform.engine.support.hierarchical.Node.around(Node.java:137)
	at org.junit.platform.engine.support.hierarchical.NodeTestTask.lambda$executeRecursively$9(NodeTestTask.java:139)
	at org.junit.platform.engine.support.hierarchical.ThrowableCollector.execute(ThrowableCollector.java:73)
	at org.junit.platform.engine.support.hierarchical.NodeTestTask.executeRecursively(NodeTestTask.java:138)
	at org.junit.platform.engine.support.hierarchical.NodeTestTask.execute(NodeTestTask.java:95)
	at org.junit.platform.engine.support.hierarchical.SameThreadHierarchicalTestExecutorService.submit(SameThreadHierarchicalTestExecutorService.java:35)
	at org.junit.platform.engine.support.hierarchical.HierarchicalTestExecutor.execute(HierarchicalTestExecutor.java:57)
	at org.junit.platform.engine.support.hierarchical.HierarchicalTestEngine.execute(HierarchicalTestEngine.java:54)
	at org.junit.platform.launcher.core.EngineExecutionOrchestrator.execute(EngineExecutionOrchestrator.java:198)
	at org.junit.platform.launcher.core.EngineExecutionOrchestrator.execute(EngineExecutionOrchestrator.java:169)
	at org.junit.platform.launcher.core.EngineExecutionOrchestrator.execute(EngineExecutionOrchestrator.java:93)
	at org.junit.platform.launcher.core.EngineExecutionOrchestrator.lambda$execute$0(EngineExecutionOrchestrator.java:58)
	at org.junit.platform.launcher.core.EngineExecutionOrchestrator.withInterceptedStreams(EngineExecutionOrchestrator.java:141)
	at org.junit.platform.launcher.core.EngineExecutionOrchestrator.execute(EngineExecutionOrchestrator.java:57)
	at org.junit.platform.launcher.core.DefaultLauncher.execute(DefaultLauncher.java:103)
	at org.junit.platform.launcher.core.DefaultLauncher.execute(DefaultLauncher.java:85)
	at org.junit.platform.launcher.core.DelegatingLauncher.execute(DelegatingLauncher.java:47)
	at org.junit.platform.launcher.core.SessionPerRequestLauncher.execute(SessionPerRequestLauncher.java:63)
	at com.intellij.junit5.JUnit5IdeaTestRunner.startRunnerWithArgs(JUnit5IdeaTestRunner.java:57)
	at com.intellij.rt.junit.IdeaTestRunner$Repeater$1.execute(IdeaTestRunner.java:38)
	at com.intellij.rt.execution.junit.TestsRepeater.repeat(TestsRepeater.java:11)
	at com.intellij.rt.junit.IdeaTestRunner$Repeater.startRunnerWithArgs(IdeaTestRunner.java:35)
	at com.intellij.rt.junit.JUnitStarter.prepareStreamsAndStart(JUnitStarter.java:231)
	at com.intellij.rt.junit.JUnitStarter.main(JUnitStarter.java:55)
2026-01-24 00:26:46.262 [main] INFO  c.simmerr.xsdjson.parser.XsdLoader - Loading File from path /var/folders/ly/sp4kr9jx5yb1ckkddfh5qblw0000gn/T/junit7646483746115230376/invalid.txt
2026-01-24 00:26:46.277 [main] INFO  c.simmerr.xsdjson.parser.XsdLoader - Failed to parse the XSD schema: /var/folders/ly/sp4kr9jx5yb1ckkddfh5qblw0000gn/T/junit7646483746115230376/invalid.txt
2026-01-24 00:26:46.277 [main] ERROR c.simmerr.xsdjson.parser.XsdLoader - Error loading XSD schema: Failed to parse XSD schema (invalid format)
com.simmerr.xsdjson.exceptions.XsdLoadException: Failed to parse XSD schema (invalid format)
	at com.simmerr.xsdjson.parser.XsdLoader.loadSchema(XsdLoader.java:28)
	at com.simmerr.parser.XsdLoaderTest.lambda$testLoadInvalidXsd$1(XsdLoaderTest.java:57)
	at org.junit.jupiter.api.AssertThrows.assertThrows(AssertThrows.java:53)
	at org.junit.jupiter.api.AssertThrows.assertThrows(AssertThrows.java:35)
	at org.junit.jupiter.api.Assertions.assertThrows(Assertions.java:3115)
	at com.simmerr.parser.XsdLoaderTest.testLoadInvalidXsd(XsdLoaderTest.java:55)
	at java.base/jdk.internal.reflect.DirectMethodHandleAccessor.invoke(DirectMethodHandleAccessor.java:104)
	at java.base/java.lang.reflect.Method.invoke(Method.java:565)
	at org.junit.platform.commons.util.ReflectionUtils.invokeMethod(ReflectionUtils.java:728)
	at org.junit.jupiter.engine.execution.MethodInvocation.proceed(MethodInvocation.java:60)
	at org.junit.jupiter.engine.execution.InvocationInterceptorChain$ValidatingInvocation.proceed(InvocationInterceptorChain.java:131)
	at org.junit.jupiter.engine.extension.TimeoutExtension.intercept(TimeoutExtension.java:156)
	at org.junit.jupiter.engine.extension.TimeoutExtension.interceptTestableMethod(TimeoutExtension.java:147)
	at org.junit.jupiter.engine.extension.TimeoutExtension.interceptTestMethod(TimeoutExtension.java:86)
	at org.junit.jupiter.engine.execution.InterceptingExecutableInvoker$ReflectiveInterceptorCall.lambda$ofVoidMethod$0(InterceptingExecutableInvoker.java:103)
	at org.junit.jupiter.engine.execution.InterceptingExecutableInvoker.lambda$invoke$0(InterceptingExecutableInvoker.java:93)
	at org.junit.jupiter.engine.execution.InvocationInterceptorChain$InterceptedInvocation.proceed(InvocationInterceptorChain.java:106)
	at org.junit.jupiter.engine.execution.InvocationInterceptorChain.proceed(InvocationInterceptorChain.java:64)
	at org.junit.jupiter.engine.execution.InvocationInterceptorChain.chainAndInvoke(InvocationInterceptorChain.java:45)
	at org.junit.jupiter.engine.execution.InvocationInterceptorChain.invoke(InvocationInterceptorChain.java:37)
	at org.junit.jupiter.engine.execution.InterceptingExecutableInvoker.invoke(InterceptingExecutableInvoker.java:92)
	at org.junit.jupiter.engine.execution.InterceptingExecutableInvoker.invoke(InterceptingExecutableInvoker.java:86)
	at org.junit.jupiter.engine.descriptor.TestMethodTestDescriptor.lambda$invokeTestMethod$7(TestMethodTestDescriptor.java:218)
	at org.junit.platform.engine.support.hierarchical.ThrowableCollector.execute(ThrowableCollector.java:73)
	at org.junit.jupiter.engine.descriptor.TestMethodTestDescriptor.invokeTestMethod(TestMethodTestDescriptor.java:214)
	at org.junit.jupiter.engine.descriptor.TestMethodTestDescriptor.execute(TestMethodTestDescriptor.java:139)
	at org.junit.jupiter.engine.descriptor.TestMethodTestDescriptor.execute(TestMethodTestDescriptor.java:69)
	at org.junit.platform.engine.support.hierarchical.NodeTestTask.lambda$executeRecursively$6(NodeTestTask.java:151)
	at org.junit.platform.engine.support.hierarchical.ThrowableCollector.execute(ThrowableCollector.java:73)
	at org.junit.platform.engine.support.hierarchical.NodeTestTask.lambda$executeRecursively$8(NodeTestTask.java:141)
	at org.junit.platform.engine.support.hierarchical.Node.around(Node.java:137)
	at org.junit.platform.engine.support.hierarchical.NodeTestTask.lambda$executeRecursively$9(NodeTestTask.java:139)
	at org.junit.platform.engine.support.hierarchical.ThrowableCollector.execute(ThrowableCollector.java:73)
	at org.junit.platform.engine.support.hierarchical.NodeTestTask.executeRecursively(NodeTestTask.java:138)
	at org.junit.platform.engine.support.hierarchical.NodeTestTask.execute(NodeTestTask.java:95)
	at java.base/java.util.ArrayList.forEach(ArrayList.java:1604)
	at org.junit.platform.engine.support.hierarchical.SameThreadHierarchicalTestExecutorService.invokeAll(SameThreadHierarchicalTestExecutorService.java:41)
	at org.junit.platform.engine.support.hierarchical.NodeTestTask.lambda$executeRecursively$6(NodeTestTask.java:155)
	at org.junit.platform.engine.support.hierarchical.ThrowableCollector.execute(ThrowableCollector.java:73)
	at org.junit.platform.engine.support.hierarchical.NodeTestTask.lambda$executeRecursively$8(NodeTestTask.java:141)
	at org.junit.platform.engine.support.hierarchical.Node.around(Node.java:137)
	at org.junit.platform.engine.support.hierarchical.NodeTestTask.lambda$executeRecursively$9(NodeTestTask.java:139)
	at org.junit.platform.engine.support.hierarchical.ThrowableCollector.execute(ThrowableCollector.java:73)
	at org.junit.platform.engine.support.hierarchical.NodeTestTask.executeRecursively(NodeTestTask.java:138)
	at org.junit.platform.engine.support.hierarchical.NodeTestTask.execute(NodeTestTask.java:95)
	at java.base/java.util.ArrayList.forEach(ArrayList.java:1604)
	at org.junit.platform.engine.support.hierarchical.SameThreadHierarchicalTestExecutorService.invokeAll(SameThreadHierarchicalTestExecutorService.java:41)
	at org.junit.platform.engine.support.hierarchical.NodeTestTask.lambda$executeRecursively$6(NodeTestTask.java:155)
	at org.junit.platform.engine.support.hierarchical.ThrowableCollector.execute(ThrowableCollector.java:73)
	at org.junit.platform.engine.support.hierarchical.NodeTestTask.lambda$executeRecursively$8(NodeTestTask.java:141)
	at org.junit.platform.engine.support.hierarchical.Node.around(Node.java:137)
	at org.junit.platform.engine.support.hierarchical.NodeTestTask.lambda$executeRecursively$9(NodeTestTask.java:139)
	at org.junit.platform.engine.support.hierarchical.ThrowableCollector.execute(ThrowableCollector.java:73)
	at org.junit.platform.engine.support.hierarchical.NodeTestTask.executeRecursively(NodeTestTask.java:138)
	at org.junit.platform.engine.support.hierarchical.NodeTestTask.execute(NodeTestTask.java:95)
	at org.junit.platform.engine.support.hierarchical.SameThreadHierarchicalTestExecutorService.submit(SameThreadHierarchicalTestExecutorService.java:35)
	at org.junit.platform.engine.support.hierarchical.HierarchicalTestExecutor.execute(HierarchicalTestExecutor.java:57)
	at org.junit.platform.engine.support.hierarchical.HierarchicalTestEngine.execute(HierarchicalTestEngine.java:54)
	at org.junit.platform.launcher.core.EngineExecutionOrchestrator.execute(EngineExecutionOrchestrator.java:198)
	at org.junit.platform.launcher.core.EngineExecutionOrchestrator.execute(EngineExecutionOrchestrator.java:169)
	at org.junit.platform.launcher.core.EngineExecutionOrchestrator.execute(EngineExecutionOrchestrator.java:93)
	at org.junit.platform.launcher.core.EngineExecutionOrchestrator.lambda$execute$0(EngineExecutionOrchestrator.java:58)
	at org.junit.platform.launcher.core.EngineExecutionOrchestrator.withInterceptedStreams(EngineExecutionOrchestrator.java:141)
	at org.junit.platform.launcher.core.EngineExecutionOrchestrator.execute(EngineExecutionOrchestrator.java:57)
	at org.junit.platform.launcher.core.DefaultLauncher.execute(DefaultLauncher.java:103)
	at org.junit.platform.launcher.core.DefaultLauncher.execute(DefaultLauncher.java:85)
	at org.junit.platform.launcher.core.DelegatingLauncher.execute(DelegatingLauncher.java:47)
	at org.apache.maven.surefire.junitplatform.LazyLauncher.execute(LazyLauncher.java:56)
	at org.apache.maven.surefire.junitplatform.JUnitPlatformProvider.execute(JUnitPlatformProvider.java:184)
	at org.apache.maven.surefire.junitplatform.JUnitPlatformProvider.invokeAllTests(JUnitPlatformProvider.java:148)
	at org.apache.maven.surefire.junitplatform.JUnitPlatformProvider.invoke(JUnitPlatformProvider.java:122)
	at org.apache.maven.surefire.booter.ForkedBooter.runSuitesInProcess(ForkedBooter.java:385)
	at org.apache.maven.surefire.booter.ForkedBooter.execute(ForkedBooter.java:162)
	at org.apache.maven.surefire.booter.ForkedBooter.run(ForkedBooter.java:507)
	at org.apache.maven.surefire.booter.ForkedBooter.main(ForkedBooter.java:495)
2026-01-24 00:26:46.285 [main] INFO  c.simmerr.xsdjson.parser.XsdLoader - Loading File from path src/test/resources/simple-person.xsd
2026-01-24 00:26:46.295 [main] INFO  c.simmerr.xsdjson.parser.XsdLoader - Successfully loaded XSD Schema with namespaces null, http://www.w3.org/2001/XMLSchema
2026-01-24 00:26:46.297 [main] INFO  c.simmerr.xsdjson.parser.XsdLoader - Loading File from path src/test/resources/invald.xsd
2026-01-24 00:26:46.297 [main] ERROR c.simmerr.xsdjson.parser.XsdLoader - XSD file not found: /Users/robert/Projects/XsdJsonGenerator/src/test/resources/invald.xsd
2026-01-24 00:30:48.943 [main] INFO  c.simmerr.xsdjson.parser.XsdLoader - Loading File from path /var/folders/ly/sp4kr9jx5yb1ckkddfh5qblw0000gn/T/junit1148552364840308233/invalid.txt
2026-01-24 00:30:48.958 [main] INFO  c.simmerr.xsdjson.parser.XsdLoader - Failed to parse the XSD schema: /var/folders/ly/sp4kr9jx5yb1ckkddfh5qblw0000gn/T/junit1148552364840308233/invalid.txt
2026-01-24 00:30:48.958 [main] ERROR c.simmerr.xsdjson.parser.XsdLoader - Error loading XSD schema: Failed to parse XSD schema (invalid format)
com.simmerr.xsdjson.parser.exceptions.XsdLoadException: Failed to parse XSD schema (invalid format)
	at com.simmerr.xsdjson.parser.XsdLoader.loadSchema(XsdLoader.java:28)
	at com.simmerr.parser.XsdLoaderTest.lambda$testLoadInvalidXsd$0(XsdLoaderTest.java:57)
	at org.junit.jupiter.api.AssertThrows.assertThrows(AssertThrows.java:53)
	at org.junit.jupiter.api.AssertThrows.assertThrows(AssertThrows.java:35)
	at org.junit.jupiter.api.Assertions.assertThrows(Assertions.java:3115)
	at com.simmerr.parser.XsdLoaderTest.testLoadInvalidXsd(XsdLoaderTest.java:55)
	at java.base/jdk.internal.reflect.DirectMethodHandleAccessor.invoke(DirectMethodHandleAccessor.java:104)
	at java.base/java.lang.reflect.Method.invoke(Method.java:565)
	at org.junit.platform.commons.util.ReflectionUtils.invokeMethod(ReflectionUtils.java:728)
	at org.junit.jupiter.engine.execution.MethodInvocation.proceed(MethodInvocation.java:60)
	at org.junit.jupiter.engine.execution.InvocationInterceptorChain$ValidatingInvocation.proceed(InvocationInterceptorChain.java:131)
	at org.junit.jupiter.engine.extension.TimeoutExtension.intercept(TimeoutExtension.java:156)
	at org.junit.jupiter.engine.extension.TimeoutExtension.interceptTestableMethod(TimeoutExtension.java:147)
	at org.junit.jupiter.engine.extension.TimeoutExtension.interceptTestMethod(TimeoutExtension.java:86)
	at org.junit.jupiter.engine.execution.InterceptingExecutableInvoker$ReflectiveInterceptorCall.lambda$ofVoidMethod$0(InterceptingExecutableInvoker.java:103)
	at org.junit.jupiter.engine.execution.InterceptingExecutableInvoker.lambda$invoke$0(InterceptingExecutableInvoker.java:93)
	at org.junit.jupiter.engine.execution.InvocationInterceptorChain$InterceptedInvocation.proceed(InvocationInterceptorChain.java:106)
	at org.junit.jupiter.engine.execution.InvocationInterceptorChain.proceed(InvocationInterceptorChain.java:64)
	at org.junit.jupiter.engine.execution.InvocationInterceptorChain.chainAndInvoke(InvocationInterceptorChain.java:45)
	at org.junit.jupiter.engine.execution.InvocationInterceptorChain.invoke(InvocationInterceptorChain.java:37)
	at org.junit.jupiter.engine.execution.InterceptingExecutableInvoker.invoke(InterceptingExecutableInvoker.java:92)
	at org.junit.jupiter.engine.execution.InterceptingExecutableInvoker.invoke(InterceptingExecutableInvoker.java:86)
	at org.junit.jupiter.engine.descriptor.TestMethodTestDescriptor.lambda$invokeTestMethod$7(TestMethodTestDescriptor.java:218)
	at org.junit.platform.engine.support.hierarchical.ThrowableCollector.execute(ThrowableCollector.java:73)
	at org.junit.jupiter.engine.descriptor.TestMethodTestDescriptor.invokeTestMethod(TestMethodTestDescriptor.java:214)
	at org.junit.jupiter.engine.descriptor.TestMethodTestDescriptor.execute(TestMethodTestDescriptor.java:139)
	at org.junit.jupiter.engine.descriptor.TestMethodTestDescriptor.execute(TestMethodTestDescriptor.java:69)
	at org.junit.platform.engine.support.hierarchical.NodeTestTask.lambda$executeRecursively$6(NodeTestTask.java:151)
	at org.junit.platform.engine.support.hierarchical.ThrowableCollector.execute(ThrowableCollector.java:73)
	at org.junit.platform.engine.support.hierarchical.NodeTestTask.lambda$executeRecursively$8(NodeTestTask.java:141)
	at org.junit.platform.engine.support.hierarchical.Node.around(Node.java:137)
	at org.junit.platform.engine.support.hierarchical.NodeTestTask.lambda$executeRecursively$9(NodeTestTask.java:139)
	at org.junit.platform.engine.support.hierarchical.ThrowableCollector.execute(ThrowableCollector.java:73)
	at org.junit.platform.engine.support.hierarchical.NodeTestTask.executeRecursively(NodeTestTask.java:138)
	at org.junit.platform.engine.support.hierarchical.NodeTestTask.execute(NodeTestTask.java:95)
	at java.base/java.util.ArrayList.forEach(ArrayList.java:1604)
	at org.junit.platform.engine.support.hierarchical.SameThreadHierarchicalTestExecutorService.invokeAll(SameThreadHierarchicalTestExecutorService.java:41)
	at org.junit.platform.engine.support.hierarchical.NodeTestTask.lambda$executeRecursively$6(NodeTestTask.java:155)
	at org.junit.platform.engine.support.hierarchical.ThrowableCollector.execute(ThrowableCollector.java:73)
	at org.junit.platform.engine.support.hierarchical.NodeTestTask.lambda$executeRecursively$8(NodeTestTask.java:141)
	at org.junit.platform.engine.support.hierarchical.Node.around(Node.java:137)
	at org.junit.platform.engine.support.hierarchical.NodeTestTask.lambda$executeRecursively$9(NodeTestTask.java:139)
	at org.junit.platform.engine.support.hierarchical.ThrowableCollector.execute(ThrowableCollector.java:73)
	at org.junit.platform.engine.support.hierarchical.NodeTestTask.executeRecursively(NodeTestTask.java:138)
	at org.junit.platform.engine.support.hierarchical.NodeTestTask.execute(NodeTestTask.java:95)
	at java.base/java.util.ArrayList.forEach(ArrayList.java:1604)
	at org.junit.platform.engine.support.hierarchical.SameThreadHierarchicalTestExecutorService.invokeAll(SameThreadHierarchicalTestExecutorService.java:41)
	at org.junit.platform.engine.support.hierarchical.NodeTestTask.lambda$executeRecursively$6(NodeTestTask.java:155)
	at org.junit.platform.engine.support.hierarchical.ThrowableCollector.execute(ThrowableCollector.java:73)
	at org.junit.platform.engine.support.hierarchical.NodeTestTask.lambda$executeRecursively$8(NodeTestTask.java:141)
	at org.junit.platform.engine.support.hierarchical.Node.around(Node.java:137)
	at org.junit.platform.engine.support.hierarchical.NodeTestTask.lambda$executeRecursively$9(NodeTestTask.java:139)
	at org.junit.platform.engine.support.hierarchical.ThrowableCollector.execute(ThrowableCollector.java:73)
	at org.junit.platform.engine.support.hierarchical.NodeTestTask.executeRecursively(NodeTestTask.java:138)
	at org.junit.platform.engine.support.hierarchical.NodeTestTask.execute(NodeTestTask.java:95)
	at org.junit.platform.engine.support.hierarchical.SameThreadHierarchicalTestExecutorService.submit(SameThreadHierarchicalTestExecutorService.java:35)
	at org.junit.platform.engine.support.hierarchical.HierarchicalTestExecutor.execute(HierarchicalTestExecutor.java:57)
	at org.junit.platform.engine.support.hierarchical.HierarchicalTestEngine.execute(HierarchicalTestEngine.java:54)
	at org.junit.platform.launcher.core.EngineExecutionOrchestrator.execute(EngineExecutionOrchestrator.java:198)
	at org.junit.platform.launcher.core.EngineExecutionOrchestrator.execute(EngineExecutionOrchestrator.java:169)
	at org.junit.platform.launcher.core.EngineExecutionOrchestrator.execute(EngineExecutionOrchestrator.java:93)
	at org.junit.platform.launcher.core.EngineExecutionOrchestrator.lambda$execute$0(EngineExecutionOrchestrator.java:58)
	at org.junit.platform.launcher.core.EngineExecutionOrchestrator.withInterceptedStreams(EngineExecutionOrchestrator.java:141)
	at org.junit.platform.launcher.core.EngineExecutionOrchestrator.execute(EngineExecutionOrchestrator.java:57)
	at org.junit.platform.launcher.core.DefaultLauncher.execute(DefaultLauncher.java:103)
	at org.junit.platform.launcher.core.DefaultLauncher.execute(DefaultLauncher.java:85)
	at org.junit.platform.launcher.core.DelegatingLauncher.execute(DelegatingLauncher.java:47)
	at org.apache.maven.surefire.junitplatform.LazyLauncher.execute(LazyLauncher.java:56)
	at org.apache.maven.surefire.junitplatform.JUnitPlatformProvider.execute(JUnitPlatformProvider.java:184)
	at org.apache.maven.surefire.junitplatform.JUnitPlatformProvider.invokeAllTests(JUnitPlatformProvider.java:148)
	at org.apache.maven.surefire.junitplatform.JUnitPlatformProvider.invoke(JUnitPlatformProvider.java:122)
	at org.apache.maven.surefire.booter.ForkedBooter.runSuitesInProcess(ForkedBooter.java:385)
	at org.apache.maven.surefire.booter.ForkedBooter.execute(ForkedBooter.java:162)
	at org.apache.maven.surefire.booter.ForkedBooter.run(ForkedBooter.java:507)
	at org.apache.maven.surefire.booter.ForkedBooter.main(ForkedBooter.java:495)
2026-01-24 00:30:48.965 [main] INFO  c.simmerr.xsdjson.parser.XsdLoader - Loading File from path src/test/resources/simple-person.xsd
2026-01-24 00:30:48.975 [main] INFO  c.simmerr.xsdjson.parser.XsdLoader - Successfully loaded XSD Schema with namespaces null, http://www.w3.org/2001/XMLSchema
2026-01-24 00:30:48.977 [main] INFO  c.simmerr.xsdjson.parser.XsdLoader - Loading File from path src/test/resources/invald.xsd
2026-01-24 00:30:48.978 [main] ERROR c.simmerr.xsdjson.parser.XsdLoader - XSD file not found: /Users/robert/Projects/XsdJsonGenerator/src/test/resources/invald.xsd
2026-01-24 13:55:18.373 [main] INFO  c.simmerr.xsdjson.parser.XsdLoader - Loading File from path /var/folders/ly/sp4kr9jx5yb1ckkddfh5qblw0000gn/T/junit7464036134501761153/invalid.txt
2026-01-24 13:55:18.390 [main] INFO  c.simmerr.xsdjson.parser.XsdLoader - Failed to parse the XSD schema: /var/folders/ly/sp4kr9jx5yb1ckkddfh5qblw0000gn/T/junit7464036134501761153/invalid.txt
2026-01-24 13:55:18.391 [main] ERROR c.simmerr.xsdjson.parser.XsdLoader - Error loading XSD schema: Failed to parse XSD schema (invalid format)
com.simmerr.xsdjson.parser.exceptions.XsdLoadException: Failed to parse XSD schema (invalid format)
	at com.simmerr.xsdjson.parser.XsdLoader.loadSchema(XsdLoader.java:28)
	at com.simmerr.parser.XsdLoaderTest.lambda$testLoadInvalidXsd$0(XsdLoaderTest.java:57)
	at org.junit.jupiter.api.AssertThrows.assertThrows(AssertThrows.java:53)
	at org.junit.jupiter.api.AssertThrows.assertThrows(AssertThrows.java:35)
	at org.junit.jupiter.api.Assertions.assertThrows(Assertions.java:3115)
	at com.simmerr.parser.XsdLoaderTest.testLoadInvalidXsd(XsdLoaderTest.java:55)
	at java.base/jdk.internal.reflect.DirectMethodHandleAccessor.invoke(DirectMethodHandleAccessor.java:104)
	at java.base/java.lang.reflect.Method.invoke(Method.java:565)
	at org.junit.platform.commons.util.ReflectionUtils.invokeMethod(ReflectionUtils.java:728)
	at org.junit.jupiter.engine.execution.MethodInvocation.proceed(MethodInvocation.java:60)
	at org.junit.jupiter.engine.execution.InvocationInterceptorChain$ValidatingInvocation.proceed(InvocationInterceptorChain.java:131)
	at org.junit.jupiter.engine.extension.TimeoutExtension.intercept(TimeoutExtension.java:156)
	at org.junit.jupiter.engine.extension.TimeoutExtension.interceptTestableMethod(TimeoutExtension.java:147)
	at org.junit.jupiter.engine.extension.TimeoutExtension.interceptTestMethod(TimeoutExtension.java:86)
	at org.junit.jupiter.engine.execution.InterceptingExecutableInvoker$ReflectiveInterceptorCall.lambda$ofVoidMethod$0(InterceptingExecutableInvoker.java:103)
	at org.junit.jupiter.engine.execution.InterceptingExecutableInvoker.lambda$invoke$0(InterceptingExecutableInvoker.java:93)
	at org.junit.jupiter.engine.execution.InvocationInterceptorChain$InterceptedInvocation.proceed(InvocationInterceptorChain.java:106)
	at org.junit.jupiter.engine.execution.InvocationInterceptorChain.proceed(InvocationInterceptorChain.java:64)
	at org.junit.jupiter.engine.execution.InvocationInterceptorChain.chainAndInvoke(InvocationInterceptorChain.java:45)
	at org.junit.jupiter.engine.execution.InvocationInterceptorChain.invoke(InvocationInterceptorChain.java:37)
	at org.junit.jupiter.engine.execution.InterceptingExecutableInvoker.invoke(InterceptingExecutableInvoker.java:92)
	at org.junit.jupiter.engine.execution.InterceptingExecutableInvoker.invoke(InterceptingExecutableInvoker.java:86)
	at org.junit.jupiter.engine.descriptor.TestMethodTestDescriptor.lambda$invokeTestMethod$7(TestMethodTestDescriptor.java:218)
	at org.junit.platform.engine.support.hierarchical.ThrowableCollector.execute(ThrowableCollector.java:73)
	at org.junit.jupiter.engine.descriptor.TestMethodTestDescriptor.invokeTestMethod(TestMethodTestDescriptor.java:214)
	at org.junit.jupiter.engine.descriptor.TestMethodTestDescriptor.execute(TestMethodTestDescriptor.java:139)
	at org.junit.jupiter.engine.descriptor.TestMethodTestDescriptor.execute(TestMethodTestDescriptor.java:69)
	at org.junit.platform.engine.support.hierarchical.NodeTestTask.lambda$executeRecursively$6(NodeTestTask.java:151)
	at org.junit.platform.engine.support.hierarchical.ThrowableCollector.execute(ThrowableCollector.java:73)
	at org.junit.platform.engine.support.hierarchical.NodeTestTask.lambda$executeRecursively$8(NodeTestTask.java:141)
	at org.junit.platform.engine.support.hierarchical.Node.around(Node.java:137)
	at org.junit.platform.engine.support.hierarchical.NodeTestTask.lambda$executeRecursively$9(NodeTestTask.java:139)
	at org.junit.platform.engine.support.hierarchical.ThrowableCollector.execute(ThrowableCollector.java:73)
	at org.junit.platform.engine.support.hierarchical.NodeTestTask.executeRecursively(NodeTestTask.java:138)
	at org.junit.platform.engine.support.hierarchical.NodeTestTask.execute(NodeTestTask.java:95)
	at java.base/java.util.ArrayList.forEach(ArrayList.java:1604)
	at org.junit.platform.engine.support.hierarchical.SameThreadHierarchicalTestExecutorService.invokeAll(SameThreadHierarchicalTestExecutorService.java:41)
	at org.junit.platform.engine.support.hierarchical.NodeTestTask.lambda$executeRecursively$6(NodeTestTask.java:155)
	at org.junit.platform.engine.support.hierarchical.ThrowableCollector.execute(ThrowableCollector.java:73)
	at org.junit.platform.engine.support.hierarchical.NodeTestTask.lambda$executeRecursively$8(NodeTestTask.java:141)
	at org.junit.platform.engine.support.hierarchical.Node.around(Node.java:137)
	at org.junit.platform.engine.support.hierarchical.NodeTestTask.lambda$executeRecursively$9(NodeTestTask.java:139)
	at org.junit.platform.engine.support.hierarchical.ThrowableCollector.execute(ThrowableCollector.java:73)
	at org.junit.platform.engine.support.hierarchical.NodeTestTask.executeRecursively(NodeTestTask.java:138)
	at org.junit.platform.engine.support.hierarchical.NodeTestTask.execute(NodeTestTask.java:95)
	at java.base/java.util.ArrayList.forEach(ArrayList.java:1604)
	at org.junit.platform.engine.support.hierarchical.SameThreadHierarchicalTestExecutorService.invokeAll(SameThreadHierarchicalTestExecutorService.java:41)
	at org.junit.platform.engine.support.hierarchical.NodeTestTask.lambda$executeRecursively$6(NodeTestTask.java:155)
	at org.junit.platform.engine.support.hierarchical.ThrowableCollector.execute(ThrowableCollector.java:73)
	at org.junit.platform.engine.support.hierarchical.NodeTestTask.lambda$executeRecursively$8(NodeTestTask.java:141)
	at org.junit.platform.engine.support.hierarchical.Node.around(Node.java:137)
	at org.junit.platform.engine.support.hierarchical.NodeTestTask.lambda$executeRecursively$9(NodeTestTask.java:139)
	at org.junit.platform.engine.support.hierarchical.ThrowableCollector.execute(ThrowableCollector.java:73)
	at org.junit.platform.engine.support.hierarchical.NodeTestTask.executeRecursively(NodeTestTask.java:138)
	at org.junit.platform.engine.support.hierarchical.NodeTestTask.execute(NodeTestTask.java:95)
	at org.junit.platform.engine.support.hierarchical.SameThreadHierarchicalTestExecutorService.submit(SameThreadHierarchicalTestExecutorService.java:35)
	at org.junit.platform.engine.support.hierarchical.HierarchicalTestExecutor.execute(HierarchicalTestExecutor.java:57)
	at org.junit.platform.engine.support.hierarchical.HierarchicalTestEngine.execute(HierarchicalTestEngine.java:54)
	at org.junit.platform.launcher.core.EngineExecutionOrchestrator.execute(EngineExecutionOrchestrator.java:198)
	at org.junit.platform.launcher.core.EngineExecutionOrchestrator.execute(EngineExecutionOrchestrator.java:169)
	at org.junit.platform.launcher.core.EngineExecutionOrchestrator.execute(EngineExecutionOrchestrator.java:93)
	at org.junit.platform.launcher.core.EngineExecutionOrchestrator.lambda$execute$0(EngineExecutionOrchestrator.java:58)
	at org.junit.platform.launcher.core.EngineExecutionOrchestrator.withInterceptedStreams(EngineExecutionOrchestrator.java:141)
	at org.junit.platform.launcher.core.EngineExecutionOrchestrator.execute(EngineExecutionOrchestrator.java:57)
	at org.junit.platform.launcher.core.DefaultLauncher.execute(DefaultLauncher.java:103)
	at org.junit.platform.launcher.core.DefaultLauncher.execute(DefaultLauncher.java:85)
	at org.junit.platform.launcher.core.DelegatingLauncher.execute(DelegatingLauncher.java:47)
	at org.apache.maven.surefire.junitplatform.LazyLauncher.execute(LazyLauncher.java:56)
	at org.apache.maven.surefire.junitplatform.JUnitPlatformProvider.execute(JUnitPlatformProvider.java:184)
	at org.apache.maven.surefire.junitplatform.JUnitPlatformProvider.invokeAllTests(JUnitPlatformProvider.java:148)
	at org.apache.maven.surefire.junitplatform.JUnitPlatformProvider.invoke(JUnitPlatformProvider.java:122)
	at org.apache.maven.surefire.booter.ForkedBooter.runSuitesInProcess(ForkedBooter.java:385)
	at org.apache.maven.surefire.booter.ForkedBooter.execute(ForkedBooter.java:162)
	at org.apache.maven.surefire.booter.ForkedBooter.run(ForkedBooter.java:507)
	at org.apache.maven.surefire.booter.ForkedBooter.main(ForkedBooter.java:495)
2026-01-24 13:55:18.399 [main] INFO  c.simmerr.xsdjson.parser.XsdLoader - Loading File from path src/test/resources/simple-person.xsd
2026-01-24 13:55:18.407 [main] INFO  c.simmerr.xsdjson.parser.XsdLoader - Successfully loaded XSD Schema
2026-01-24 13:55:18.409 [main] INFO  c.simmerr.xsdjson.parser.XsdLoader - Loading File from path src/test/resources/invald.xsd
2026-01-24 13:55:18.410 [main] ERROR c.simmerr.xsdjson.parser.XsdLoader - XSD file not found: /Users/robert/Projects/XsdJsonGenerator/src/test/resources/invald.xsd
2026-01-24 18:39:25.038 [main] INFO  c.simmerr.xsdjson.parser.XsdLoader - Loading File from path simple-person.xsd
2026-01-24 18:39:25.039 [main] ERROR c.simmerr.xsdjson.parser.XsdLoader - XSD file not found: /Users/robert/Projects/XsdJsonGenerator/simple-person.xsd
2026-01-24 18:46:37.967 [main] INFO  c.simmerr.xsdjson.parser.XsdLoader - Loading File from path src/test/resources/simple-person.xsd
2026-01-24 18:46:37.990 [main] INFO  c.simmerr.xsdjson.parser.XsdLoader - Successfully loaded XSD Schema
2026-01-24 18:46:37.992 [main] INFO  c.s.x.parser.XsdElementExtractor - Extracted element: {http://test.com/person}
2026-01-24 18:47:19.047 [main] INFO  c.simmerr.xsdjson.parser.XsdLoader - Loading File from path src/test/resources/simple-person.xsd
2026-01-24 18:47:19.070 [main] INFO  c.simmerr.xsdjson.parser.XsdLoader - Successfully loaded XSD Schema
2026-01-24 18:47:19.071 [main] INFO  c.s.x.parser.XsdElementExtractor - Extracted element: {http://test.com/person}
2026-01-24 18:49:26.777 [main] INFO  c.simmerr.xsdjson.parser.XsdLoader - Loading File from path src/test/resources/multiple-elements.xsd
2026-01-24 18:49:26.799 [main] INFO  c.simmerr.xsdjson.parser.XsdLoader - Successfully loaded XSD Schema
2026-01-24 18:49:26.800 [main] INFO  c.s.x.parser.XsdElementExtractor - Extracted element: {http://test.com/multiple}
2026-01-24 18:49:26.801 [main] INFO  c.s.x.parser.XsdElementExtractor - Extracted element: {http://test.com/multiple}
2026-01-24 18:49:26.801 [main] INFO  c.s.x.parser.XsdElementExtractor - Extracted element: {http://test.com/multiple}
2026-01-24 18:52:09.032 [main] INFO  c.simmerr.xsdjson.parser.XsdLoader - Loading File from path src/test/resources/multiple-elements.xsd
2026-01-24 18:52:09.054 [main] INFO  c.simmerr.xsdjson.parser.XsdLoader - Successfully loaded XSD Schema
2026-01-24 18:52:09.056 [main] INFO  c.s.x.parser.XsdElementExtractor - Extracted element: {http://test.com/multiple}
2026-01-24 18:52:09.056 [main] INFO  c.s.x.parser.XsdElementExtractor - Extracted element: {http://test.com/multiple}
2026-01-24 18:52:09.056 [main] INFO  c.s.x.parser.XsdElementExtractor - Extracted element: {http://test.com/multiple}
2026-01-24 18:53:58.688 [main] INFO  c.simmerr.xsdjson.parser.XsdLoader - Loading File from path src/test/resources/empty-schema.xsd
2026-01-24 18:53:58.712 [main] INFO  c.simmerr.xsdjson.parser.XsdLoader - Successfully loaded XSD Schema
2026-01-24 18:53:58.713 [main] INFO  c.s.x.parser.XsdElementExtractor - elementMap is empty.
2026-01-24 18:56:14.678 [main] INFO  c.simmerr.xsdjson.parser.XsdLoader - Loading File from path src/test/resources/simple-person.xsd
2026-01-24 18:56:14.701 [main] INFO  c.simmerr.xsdjson.parser.XsdLoader - Successfully loaded XSD Schema
2026-01-24 18:56:14.702 [main] INFO  c.s.x.parser.XsdElementExtractor - Element person could not be found in schema.
2026-01-24 18:56:53.580 [main] INFO  c.simmerr.xsdjson.parser.XsdLoader - Loading File from path src/test/resources/simple-person.xsd
2026-01-24 18:56:53.603 [main] INFO  c.simmerr.xsdjson.parser.XsdLoader - Successfully loaded XSD Schema
2026-01-24 18:56:53.604 [main] INFO  c.s.x.parser.XsdElementExtractor - Element person could not be found in schema.
2026-01-24 18:57:48.859 [main] INFO  c.simmerr.xsdjson.parser.XsdLoader - Loading File from path src/test/resources/simple-person.xsd
2026-01-24 18:57:48.888 [main] INFO  c.simmerr.xsdjson.parser.XsdLoader - Successfully loaded XSD Schema
2026-01-24 18:58:59.776 [main] INFO  c.s.x.parser.XsdElementExtractor - Element person could not be found in schema.
2026-01-24 18:59:24.209 [main] INFO  c.simmerr.xsdjson.parser.XsdLoader - Loading File from path src/test/resources/simple-person.xsd
2026-01-24 18:59:24.238 [main] INFO  c.simmerr.xsdjson.parser.XsdLoader - Successfully loaded XSD Schema
2026-01-24 19:00:02.608 [main] INFO  c.s.x.parser.XsdElementExtractor - Element person could not be found in schema.
2026-01-24 19:00:55.241 [main] INFO  c.simmerr.xsdjson.parser.XsdLoader - Loading File from path src/test/resources/simple-person.xsd
2026-01-24 19:00:55.266 [main] INFO  c.simmerr.xsdjson.parser.XsdLoader - Successfully loaded XSD Schema
2026-01-24 19:01:04.559 [main] INFO  c.s.x.parser.XsdElementExtractor - Element person could not be found in schema.
2026-01-24 19:09:33.361 [main] INFO  c.simmerr.xsdjson.parser.XsdLoader - Loading File from path src/test/resources/simple-person.xsd
2026-01-24 19:09:33.384 [main] INFO  c.simmerr.xsdjson.parser.XsdLoader - Successfully loaded XSD Schema
2026-01-24 19:41:21.621 [main] INFO  c.simmerr.xsdjson.parser.XsdLoader - Loading File from path src/test/resources/simple-person.xsd
2026-01-24 19:41:21.644 [main] INFO  c.simmerr.xsdjson.parser.XsdLoader - Successfully loaded XSD Schema
2026-01-24 19:41:36.339 [main] INFO  c.simmerr.xsdjson.parser.XsdLoader - Loading File from path src/test/resources/simple-person.xsd
2026-01-24 19:41:36.362 [main] INFO  c.simmerr.xsdjson.parser.XsdLoader - Successfully loaded XSD Schema
2026-01-24 19:41:36.363 [main] INFO  c.s.x.parser.XsdElementExtractor - Element not-there could not be found in schema.
2026-01-24 19:47:47.888 [main] INFO  c.simmerr.xsdjson.parser.XsdLoader - Loading File from path src/test/resources/anonymous-type.xsd
2026-01-24 19:47:47.910 [main] INFO  c.simmerr.xsdjson.parser.XsdLoader - Successfully loaded XSD Schema
2026-01-24 19:47:47.911 [main] DEBUG c.s.x.parser.XsdElementExtractor - Element address has anonymous type
2026-01-24 19:47:47.911 [main] INFO  c.s.x.parser.XsdElementExtractor - Extracted element: {http://test.com/anonymous}
2026-01-24 19:47:47.912 [main] INFO  c.s.x.parser.XsdElementExtractor - Extracted element: {http://test.com/anonymous}
2026-01-24 19:54:10.750 [main] INFO  c.simmerr.xsdjson.parser.XsdLoader - Loading File from path src/test/resources/anonymous-type.xsd
2026-01-24 19:54:10.772 [main] INFO  c.simmerr.xsdjson.parser.XsdLoader - Successfully loaded XSD Schema
2026-01-24 19:54:10.774 [main] DEBUG c.s.x.parser.XsdElementExtractor - Element address has anonymous type
2026-01-24 19:54:10.774 [main] INFO  c.s.x.parser.XsdElementExtractor - Extracted element: {http://test.com/anonymous}
2026-01-24 19:54:10.774 [main] INFO  c.s.x.parser.XsdElementExtractor - Extracted element: {http://test.com/anonymous}
2026-01-24 19:56:18.866 [main] INFO  c.simmerr.xsdjson.parser.XsdLoader - Loading File from path src/test/resources/anonymous-type.xsd
2026-01-24 19:56:18.889 [main] INFO  c.simmerr.xsdjson.parser.XsdLoader - Successfully loaded XSD Schema
2026-01-24 19:56:18.891 [main] DEBUG c.s.x.parser.XsdElementExtractor - Element address has anonymous type
2026-01-24 19:56:18.891 [main] INFO  c.s.x.parser.XsdElementExtractor - Extracted element: {http://test.com/anonymous}
2026-01-24 19:56:18.891 [main] INFO  c.s.x.parser.XsdElementExtractor - Extracted element: {http://test.com/anonymous}
2026-01-24 19:57:16.681 [main] INFO  c.simmerr.xsdjson.parser.XsdLoader - Loading File from path src/test/resources/anonymous-type.xsd
2026-01-24 19:57:16.704 [main] INFO  c.simmerr.xsdjson.parser.XsdLoader - Successfully loaded XSD Schema
2026-01-24 19:57:16.705 [main] DEBUG c.s.x.parser.XsdElementExtractor - Element address has anonymous type
2026-01-24 19:57:16.705 [main] INFO  c.s.x.parser.XsdElementExtractor - Extracted element: {http://test.com/anonymous}
2026-01-24 19:57:16.706 [main] INFO  c.s.x.parser.XsdElementExtractor - Extracted element: {http://test.com/anonymous}
2026-01-24 19:59:49.057 [main] ERROR c.s.x.parser.XsdElementExtractor - XSModel is null but cant be.
2026-01-24 22:41:26.041 [main] INFO  c.simmerr.xsdjson.parser.XsdLoader - Loading File from path src/test/resources/anonymous-type.xsd
2026-01-24 22:41:26.063 [main] INFO  c.simmerr.xsdjson.parser.XsdLoader - Successfully loaded XSD Schema
2026-01-24 22:41:26.064 [main] DEBUG c.s.x.parser.XsdElementExtractor - Element address has anonymous type
2026-01-24 22:41:26.065 [main] INFO  c.s.x.parser.XsdElementExtractor - Extracted element: {http://test.com/anonymous}
2026-01-24 22:41:26.065 [main] INFO  c.s.x.parser.XsdElementExtractor - Extracted element: {http://test.com/anonymous}
2026-01-24 22:41:26.065 [main] ERROR c.s.x.parser.XsdElementExtractor - elementName in findRootElement is null.
2026-01-24 22:44:35.228 [main] INFO  c.simmerr.xsdjson.parser.XsdLoader - Loading File from path src/test/resources/anonymous-type.xsd
2026-01-24 22:44:35.250 [main] INFO  c.simmerr.xsdjson.parser.XsdLoader - Successfully loaded XSD Schema
2026-01-24 22:44:35.251 [main] DEBUG c.s.x.parser.XsdElementExtractor - Element address has anonymous type
2026-01-24 22:44:35.252 [main] INFO  c.s.x.parser.XsdElementExtractor - Extracted element: {http://test.com/anonymous}
2026-01-24 22:44:35.252 [main] INFO  c.s.x.parser.XsdElementExtractor - Extracted element: {http://test.com/anonymous}
2026-01-24 22:44:35.252 [main] DEBUG c.s.x.parser.XsdElementExtractor - Element address has anonymous type
2026-01-24 22:45:39.264 [main] INFO  c.simmerr.xsdjson.parser.XsdLoader - Loading File from path src/test/resources/anonymous-type.xsd
2026-01-24 22:45:39.287 [main] INFO  c.simmerr.xsdjson.parser.XsdLoader - Successfully loaded XSD Schema
2026-01-24 22:45:39.288 [main] DEBUG c.s.x.parser.XsdElementExtractor - Element address has anonymous type
2026-01-24 22:45:39.289 [main] INFO  c.s.x.parser.XsdElementExtractor - Extracted element: {http://test.com/anonymous}
2026-01-24 22:45:39.289 [main] INFO  c.s.x.parser.XsdElementExtractor - Extracted element: {http://test.com/anonymous}
2026-01-24 22:45:39.289 [main] DEBUG c.s.x.parser.XsdElementExtractor - Element address has anonymous type
2026-01-24 22:47:36.350 [main] INFO  c.simmerr.xsdjson.parser.XsdLoader - Loading File from path src/test/resources/person-with-import.xsd
2026-01-24 22:47:36.374 [main] INFO  c.simmerr.xsdjson.parser.XsdLoader - Successfully loaded XSD Schema
2026-01-24 22:47:36.375 [main] INFO  c.s.x.parser.XsdElementExtractor - Extracted element: {http://test.com/person}
2026-01-24 22:47:48.245 [main] INFO  c.simmerr.xsdjson.parser.XsdLoader - Loading File from path src/test/resources/person-with-import.xsd
2026-01-24 22:47:48.269 [main] INFO  c.simmerr.xsdjson.parser.XsdLoader - Successfully loaded XSD Schema
2026-01-24 22:47:48.270 [main] INFO  c.s.x.parser.XsdElementExtractor - Extracted element: {http://test.com/person}
2026-01-24 22:47:56.095 [main] INFO  c.simmerr.xsdjson.parser.XsdLoader - Loading File from path src/test/resources/person-with-import.xsd
2026-01-24 22:47:56.120 [main] INFO  c.simmerr.xsdjson.parser.XsdLoader - Successfully loaded XSD Schema
2026-01-24 22:47:56.122 [main] INFO  c.s.x.parser.XsdElementExtractor - Extracted element: {http://test.com/person}
2026-01-24 22:50:15.559 [main] INFO  c.simmerr.xsdjson.parser.XsdLoader - Loading File from path src/test/resources/person-with-import.xsd
2026-01-24 22:50:15.582 [main] INFO  c.simmerr.xsdjson.parser.XsdLoader - Successfully loaded XSD Schema
2026-01-24 22:50:15.583 [main] INFO  c.s.x.parser.XsdElementExtractor - Extracted element: {http://test.com/person}
2026-01-24 22:50:32.645 [main] INFO  c.simmerr.xsdjson.parser.XsdLoader - Loading File from path src/test/resources/person-with-import.xsd
2026-01-24 22:50:32.667 [main] INFO  c.simmerr.xsdjson.parser.XsdLoader - Successfully loaded XSD Schema
2026-01-24 22:50:32.668 [main] INFO  c.s.x.parser.XsdElementExtractor - Extracted element: {http://test.com/person}
2026-01-24 22:54:30.644 [main] INFO  c.simmerr.xsdjson.parser.XsdLoader - Loading File from path /var/folders/ly/sp4kr9jx5yb1ckkddfh5qblw0000gn/T/junit3676796703912614241/invalid.txt
2026-01-24 22:54:30.660 [main] INFO  c.simmerr.xsdjson.parser.XsdLoader - Failed to parse the XSD schema: /var/folders/ly/sp4kr9jx5yb1ckkddfh5qblw0000gn/T/junit3676796703912614241/invalid.txt
2026-01-24 22:54:30.660 [main] ERROR c.simmerr.xsdjson.parser.XsdLoader - Error loading XSD schema: Failed to parse XSD schema (invalid format)
com.simmerr.xsdjson.parser.exceptions.XsdLoadException: Failed to parse XSD schema (invalid format)
	at com.simmerr.xsdjson.parser.XsdLoader.loadSchema(XsdLoader.java:25)
	at com.simmerr.parser.XsdLoaderTest.lambda$testLoadInvalidXsd$0(XsdLoaderTest.java:57)
	at org.junit.jupiter.api.AssertThrows.assertThrows(AssertThrows.java:53)
	at org.junit.jupiter.api.AssertThrows.assertThrows(AssertThrows.java:35)
	at org.junit.jupiter.api.Assertions.assertThrows(Assertions.java:3115)
	at com.simmerr.parser.XsdLoaderTest.testLoadInvalidXsd(XsdLoaderTest.java:55)
	at java.base/jdk.internal.reflect.DirectMethodHandleAccessor.invoke(DirectMethodHandleAccessor.java:104)
	at java.base/java.lang.reflect.Method.invoke(Method.java:565)
	at org.junit.platform.commons.util.ReflectionUtils.invokeMethod(ReflectionUtils.java:728)
	at org.junit.jupiter.engine.execution.MethodInvocation.proceed(MethodInvocation.java:60)
	at org.junit.jupiter.engine.execution.InvocationInterceptorChain$ValidatingInvocation.proceed(InvocationInterceptorChain.java:131)
	at org.junit.jupiter.engine.extension.TimeoutExtension.intercept(TimeoutExtension.java:156)
	at org.junit.jupiter.engine.extension.TimeoutExtension.interceptTestableMethod(TimeoutExtension.java:147)
	at org.junit.jupiter.engine.extension.TimeoutExtension.interceptTestMethod(TimeoutExtension.java:86)
	at org.junit.jupiter.engine.execution.InterceptingExecutableInvoker$ReflectiveInterceptorCall.lambda$ofVoidMethod$0(InterceptingExecutableInvoker.java:103)
	at org.junit.jupiter.engine.execution.InterceptingExecutableInvoker.lambda$invoke$0(InterceptingExecutableInvoker.java:93)
	at org.junit.jupiter.engine.execution.InvocationInterceptorChain$InterceptedInvocation.proceed(InvocationInterceptorChain.java:106)
	at org.junit.jupiter.engine.execution.InvocationInterceptorChain.proceed(InvocationInterceptorChain.java:64)
	at org.junit.jupiter.engine.execution.InvocationInterceptorChain.chainAndInvoke(InvocationInterceptorChain.java:45)
	at org.junit.jupiter.engine.execution.InvocationInterceptorChain.invoke(InvocationInterceptorChain.java:37)
	at org.junit.jupiter.engine.execution.InterceptingExecutableInvoker.invoke(InterceptingExecutableInvoker.java:92)
	at org.junit.jupiter.engine.execution.InterceptingExecutableInvoker.invoke(InterceptingExecutableInvoker.java:86)
	at org.junit.jupiter.engine.descriptor.TestMethodTestDescriptor.lambda$invokeTestMethod$7(TestMethodTestDescriptor.java:218)
	at org.junit.platform.engine.support.hierarchical.ThrowableCollector.execute(ThrowableCollector.java:73)
	at org.junit.jupiter.engine.descriptor.TestMethodTestDescriptor.invokeTestMethod(TestMethodTestDescriptor.java:214)
	at org.junit.jupiter.engine.descriptor.TestMethodTestDescriptor.execute(TestMethodTestDescriptor.java:139)
	at org.junit.jupiter.engine.descriptor.TestMethodTestDescriptor.execute(TestMethodTestDescriptor.java:69)
	at org.junit.platform.engine.support.hierarchical.NodeTestTask.lambda$executeRecursively$6(NodeTestTask.java:151)
	at org.junit.platform.engine.support.hierarchical.ThrowableCollector.execute(ThrowableCollector.java:73)
	at org.junit.platform.engine.support.hierarchical.NodeTestTask.lambda$executeRecursively$8(NodeTestTask.java:141)
	at org.junit.platform.engine.support.hierarchical.Node.around(Node.java:137)
	at org.junit.platform.engine.support.hierarchical.NodeTestTask.lambda$executeRecursively$9(NodeTestTask.java:139)
	at org.junit.platform.engine.support.hierarchical.ThrowableCollector.execute(ThrowableCollector.java:73)
	at org.junit.platform.engine.support.hierarchical.NodeTestTask.executeRecursively(NodeTestTask.java:138)
	at org.junit.platform.engine.support.hierarchical.NodeTestTask.execute(NodeTestTask.java:95)
	at java.base/java.util.ArrayList.forEach(ArrayList.java:1604)
	at org.junit.platform.engine.support.hierarchical.SameThreadHierarchicalTestExecutorService.invokeAll(SameThreadHierarchicalTestExecutorService.java:41)
	at org.junit.platform.engine.support.hierarchical.NodeTestTask.lambda$executeRecursively$6(NodeTestTask.java:155)
	at org.junit.platform.engine.support.hierarchical.ThrowableCollector.execute(ThrowableCollector.java:73)
	at org.junit.platform.engine.support.hierarchical.NodeTestTask.lambda$executeRecursively$8(NodeTestTask.java:141)
	at org.junit.platform.engine.support.hierarchical.Node.around(Node.java:137)
	at org.junit.platform.engine.support.hierarchical.NodeTestTask.lambda$executeRecursively$9(NodeTestTask.java:139)
	at org.junit.platform.engine.support.hierarchical.ThrowableCollector.execute(ThrowableCollector.java:73)
	at org.junit.platform.engine.support.hierarchical.NodeTestTask.executeRecursively(NodeTestTask.java:138)
	at org.junit.platform.engine.support.hierarchical.NodeTestTask.execute(NodeTestTask.java:95)
	at java.base/java.util.ArrayList.forEach(ArrayList.java:1604)
	at org.junit.platform.engine.support.hierarchical.SameThreadHierarchicalTestExecutorService.invokeAll(SameThreadHierarchicalTestExecutorService.java:41)
	at org.junit.platform.engine.support.hierarchical.NodeTestTask.lambda$executeRecursively$6(NodeTestTask.java:155)
	at org.junit.platform.engine.support.hierarchical.ThrowableCollector.execute(ThrowableCollector.java:73)
	at org.junit.platform.engine.support.hierarchical.NodeTestTask.lambda$executeRecursively$8(NodeTestTask.java:141)
	at org.junit.platform.engine.support.hierarchical.Node.around(Node.java:137)
	at org.junit.platform.engine.support.hierarchical.NodeTestTask.lambda$executeRecursively$9(NodeTestTask.java:139)
	at org.junit.platform.engine.support.hierarchical.ThrowableCollector.execute(ThrowableCollector.java:73)
	at org.junit.platform.engine.support.hierarchical.NodeTestTask.executeRecursively(NodeTestTask.java:138)
	at org.junit.platform.engine.support.hierarchical.NodeTestTask.execute(NodeTestTask.java:95)
	at org.junit.platform.engine.support.hierarchical.SameThreadHierarchicalTestExecutorService.submit(SameThreadHierarchicalTestExecutorService.java:35)
	at org.junit.platform.engine.support.hierarchical.HierarchicalTestExecutor.execute(HierarchicalTestExecutor.java:57)
	at org.junit.platform.engine.support.hierarchical.HierarchicalTestEngine.execute(HierarchicalTestEngine.java:54)
	at org.junit.platform.launcher.core.EngineExecutionOrchestrator.execute(EngineExecutionOrchestrator.java:198)
	at org.junit.platform.launcher.core.EngineExecutionOrchestrator.execute(EngineExecutionOrchestrator.java:169)
	at org.junit.platform.launcher.core.EngineExecutionOrchestrator.execute(EngineExecutionOrchestrator.java:93)
	at org.junit.platform.launcher.core.EngineExecutionOrchestrator.lambda$execute$0(EngineExecutionOrchestrator.java:58)
	at org.junit.platform.launcher.core.EngineExecutionOrchestrator.withInterceptedStreams(EngineExecutionOrchestrator.java:141)
	at org.junit.platform.launcher.core.EngineExecutionOrchestrator.execute(EngineExecutionOrchestrator.java:57)
	at org.junit.platform.launcher.core.DefaultLauncher.execute(DefaultLauncher.java:103)
	at org.junit.platform.launcher.core.DefaultLauncher.execute(DefaultLauncher.java:85)
	at org.junit.platform.launcher.core.DelegatingLauncher.execute(DelegatingLauncher.java:47)
	at org.apache.maven.surefire.junitplatform.LazyLauncher.execute(LazyLauncher.java:56)
	at org.apache.maven.surefire.junitplatform.JUnitPlatformProvider.execute(JUnitPlatformProvider.java:184)
	at org.apache.maven.surefire.junitplatform.JUnitPlatformProvider.invokeAllTests(JUnitPlatformProvider.java:148)
	at org.apache.maven.surefire.junitplatform.JUnitPlatformProvider.invoke(JUnitPlatformProvider.java:122)
	at org.apache.maven.surefire.booter.ForkedBooter.runSuitesInProcess(ForkedBooter.java:385)
	at org.apache.maven.surefire.booter.ForkedBooter.execute(ForkedBooter.java:162)
	at org.apache.maven.surefire.booter.ForkedBooter.run(ForkedBooter.java:507)
	at org.apache.maven.surefire.booter.ForkedBooter.main(ForkedBooter.java:495)
2026-01-24 22:54:30.668 [main] INFO  c.simmerr.xsdjson.parser.XsdLoader - Loading File from path src/test/resources/simple-person.xsd
2026-01-24 22:54:30.676 [main] INFO  c.simmerr.xsdjson.parser.XsdLoader - Successfully loaded XSD Schema
2026-01-24 22:54:30.680 [main] INFO  c.simmerr.xsdjson.parser.XsdLoader - Loading File from path src/test/resources/invald.xsd
2026-01-24 22:54:30.680 [main] ERROR c.simmerr.xsdjson.parser.XsdLoader - XSD file not found: /Users/robert/Projects/XsdJsonGenerator/src/test/resources/invald.xsd
2026-01-24 22:54:30.685 [main] INFO  c.simmerr.xsdjson.parser.XsdLoader - Loading File from path src/test/resources/anonymous-type.xsd
2026-01-24 22:54:30.686 [main] INFO  c.simmerr.xsdjson.parser.XsdLoader - Successfully loaded XSD Schema
2026-01-24 22:54:30.687 [main] DEBUG c.s.x.parser.XsdElementExtractor - Element address has anonymous type
2026-01-24 22:54:30.687 [main] INFO  c.s.x.parser.XsdElementExtractor - Extracted element: {http://test.com/anonymous}
2026-01-24 22:54:30.687 [main] INFO  c.s.x.parser.XsdElementExtractor - Extracted element: {http://test.com/anonymous}
2026-01-24 22:54:30.687 [main] ERROR c.s.x.parser.XsdElementExtractor - elementName in findRootElement is null.
2026-01-24 22:54:30.688 [main] INFO  c.simmerr.xsdjson.parser.XsdLoader - Loading File from path src/test/resources/anonymous-type.xsd
2026-01-24 22:54:30.689 [main] INFO  c.simmerr.xsdjson.parser.XsdLoader - Successfully loaded XSD Schema
2026-01-24 22:54:30.689 [main] DEBUG c.s.x.parser.XsdElementExtractor - Element address has anonymous type
2026-01-24 22:54:30.689 [main] INFO  c.s.x.parser.XsdElementExtractor - Extracted element: {http://test.com/anonymous}
2026-01-24 22:54:30.689 [main] INFO  c.s.x.parser.XsdElementExtractor - Extracted element: {http://test.com/anonymous}
2026-01-24 22:54:30.691 [main] INFO  c.simmerr.xsdjson.parser.XsdLoader - Loading File from path src/test/resources/multiple-elements.xsd
2026-01-24 22:54:30.692 [main] INFO  c.simmerr.xsdjson.parser.XsdLoader - Successfully loaded XSD Schema
2026-01-24 22:54:30.693 [main] INFO  c.s.x.parser.XsdElementExtractor - Extracted element: {http://test.com/multiple}
2026-01-24 22:54:30.693 [main] INFO  c.s.x.parser.XsdElementExtractor - Extracted element: {http://test.com/multiple}
2026-01-24 22:54:30.693 [main] INFO  c.s.x.parser.XsdElementExtractor - Extracted element: {http://test.com/multiple}
2026-01-24 22:54:30.694 [main] INFO  c.simmerr.xsdjson.parser.XsdLoader - Loading File from path src/test/resources/simple-person.xsd
2026-01-24 22:54:30.695 [main] INFO  c.simmerr.xsdjson.parser.XsdLoader - Successfully loaded XSD Schema
2026-01-24 22:54:30.697 [main] INFO  c.simmerr.xsdjson.parser.XsdLoader - Loading File from path src/test/resources/simple-person.xsd
2026-01-24 22:54:30.698 [main] INFO  c.simmerr.xsdjson.parser.XsdLoader - Successfully loaded XSD Schema
2026-01-24 22:54:30.698 [main] INFO  c.s.x.parser.XsdElementExtractor - Element not-there could not be found in schema.
2026-01-24 22:54:30.699 [main] INFO  c.simmerr.xsdjson.parser.XsdLoader - Loading File from path src/test/resources/empty-schema.xsd
2026-01-24 22:54:30.700 [main] INFO  c.simmerr.xsdjson.parser.XsdLoader - Successfully loaded XSD Schema
2026-01-24 22:54:30.700 [main] INFO  c.s.x.parser.XsdElementExtractor - elementMap is empty.
2026-01-24 22:54:30.701 [main] INFO  c.simmerr.xsdjson.parser.XsdLoader - Loading File from path src/test/resources/anonymous-type.xsd
2026-01-24 22:54:30.701 [main] INFO  c.simmerr.xsdjson.parser.XsdLoader - Successfully loaded XSD Schema
2026-01-24 22:54:30.701 [main] DEBUG c.s.x.parser.XsdElementExtractor - Element address has anonymous type
2026-01-24 22:54:30.701 [main] INFO  c.s.x.parser.XsdElementExtractor - Extracted element: {http://test.com/anonymous}
2026-01-24 22:54:30.701 [main] INFO  c.s.x.parser.XsdElementExtractor - Extracted element: {http://test.com/anonymous}
2026-01-24 22:54:30.702 [main] INFO  c.simmerr.xsdjson.parser.XsdLoader - Loading File from path src/test/resources/anonymous-type.xsd
2026-01-24 22:54:30.703 [main] INFO  c.simmerr.xsdjson.parser.XsdLoader - Successfully loaded XSD Schema
2026-01-24 22:54:30.703 [main] DEBUG c.s.x.parser.XsdElementExtractor - Element address has anonymous type
2026-01-24 22:54:30.703 [main] INFO  c.s.x.parser.XsdElementExtractor - Extracted element: {http://test.com/anonymous}
2026-01-24 22:54:30.703 [main] INFO  c.s.x.parser.XsdElementExtractor - Extracted element: {http://test.com/anonymous}
2026-01-24 22:54:30.703 [main] DEBUG c.s.x.parser.XsdElementExtractor - Element address has anonymous type
2026-01-24 22:54:30.704 [main] INFO  c.simmerr.xsdjson.parser.XsdLoader - Loading File from path src/test/resources/simple-person.xsd
2026-01-24 22:54:30.704 [main] INFO  c.simmerr.xsdjson.parser.XsdLoader - Successfully loaded XSD Schema
2026-01-24 22:54:30.704 [main] INFO  c.s.x.parser.XsdElementExtractor - Extracted element: {http://test.com/person}
2026-01-24 22:54:30.705 [main] INFO  c.simmerr.xsdjson.parser.XsdLoader - Loading File from path src/test/resources/person-with-import.xsd
2026-01-24 22:54:30.706 [main] INFO  c.simmerr.xsdjson.parser.XsdLoader - Successfully loaded XSD Schema
2026-01-24 22:54:30.706 [main] INFO  c.s.x.parser.XsdElementExtractor - Extracted element: {http://test.com/person}
2026-01-24 22:54:30.707 [main] ERROR c.s.x.parser.XsdElementExtractor - XSModel is null but cant be.
2026-01-24 22:55:10.764 [main] INFO  c.simmerr.xsdjson.parser.XsdLoader - Loading File from path src/test/resources/simple-person.xsd
2026-01-24 22:55:10.787 [main] INFO  c.simmerr.xsdjson.parser.XsdLoader - Successfully loaded XSD Schema
2026-01-24 22:56:04.293 [main] INFO  c.simmerr.xsdjson.parser.XsdLoader - Loading File from path src/test/resources/simple-person.xsd
2026-01-24 22:56:04.316 [main] INFO  c.simmerr.xsdjson.parser.XsdLoader - Successfully loaded XSD Schema
2026-01-24 22:56:12.947 [main] INFO  c.simmerr.xsdjson.parser.XsdLoader - Loading File from path /var/folders/ly/sp4kr9jx5yb1ckkddfh5qblw0000gn/T/junit1523820160691666452/invalid.txt
2026-01-24 22:56:12.961 [main] INFO  c.simmerr.xsdjson.parser.XsdLoader - Failed to parse the XSD schema: /var/folders/ly/sp4kr9jx5yb1ckkddfh5qblw0000gn/T/junit1523820160691666452/invalid.txt
2026-01-24 22:56:12.961 [main] ERROR c.simmerr.xsdjson.parser.XsdLoader - Error loading XSD schema: Failed to parse XSD schema (invalid format)
com.simmerr.xsdjson.parser.exceptions.XsdLoadException: Failed to parse XSD schema (invalid format)
	at com.simmerr.xsdjson.parser.XsdLoader.loadSchema(XsdLoader.java:25)
	at com.simmerr.parser.XsdLoaderTest.lambda$testLoadInvalidXsd$1(XsdLoaderTest.java:57)
	at org.junit.jupiter.api.AssertThrows.assertThrows(AssertThrows.java:53)
	at org.junit.jupiter.api.AssertThrows.assertThrows(AssertThrows.java:35)
	at org.junit.jupiter.api.Assertions.assertThrows(Assertions.java:3115)
	at com.simmerr.parser.XsdLoaderTest.testLoadInvalidXsd(XsdLoaderTest.java:55)
	at java.base/jdk.internal.reflect.DirectMethodHandleAccessor.invoke(DirectMethodHandleAccessor.java:104)
	at java.base/java.lang.reflect.Method.invoke(Method.java:565)
	at org.junit.platform.commons.util.ReflectionUtils.invokeMethod(ReflectionUtils.java:728)
	at org.junit.jupiter.engine.execution.MethodInvocation.proceed(MethodInvocation.java:60)
	at org.junit.jupiter.engine.execution.InvocationInterceptorChain$ValidatingInvocation.proceed(InvocationInterceptorChain.java:131)
	at org.junit.jupiter.engine.extension.TimeoutExtension.intercept(TimeoutExtension.java:156)
	at org.junit.jupiter.engine.extension.TimeoutExtension.interceptTestableMethod(TimeoutExtension.java:147)
	at org.junit.jupiter.engine.extension.TimeoutExtension.interceptTestMethod(TimeoutExtension.java:86)
	at org.junit.jupiter.engine.execution.InterceptingExecutableInvoker$ReflectiveInterceptorCall.lambda$ofVoidMethod$0(InterceptingExecutableInvoker.java:103)
	at org.junit.jupiter.engine.execution.InterceptingExecutableInvoker.lambda$invoke$0(InterceptingExecutableInvoker.java:93)
	at org.junit.jupiter.engine.execution.InvocationInterceptorChain$InterceptedInvocation.proceed(InvocationInterceptorChain.java:106)
	at org.junit.jupiter.engine.execution.InvocationInterceptorChain.proceed(InvocationInterceptorChain.java:64)
	at org.junit.jupiter.engine.execution.InvocationInterceptorChain.chainAndInvoke(InvocationInterceptorChain.java:45)
	at org.junit.jupiter.engine.execution.InvocationInterceptorChain.invoke(InvocationInterceptorChain.java:37)
	at org.junit.jupiter.engine.execution.InterceptingExecutableInvoker.invoke(InterceptingExecutableInvoker.java:92)
	at org.junit.jupiter.engine.execution.InterceptingExecutableInvoker.invoke(InterceptingExecutableInvoker.java:86)
	at org.junit.jupiter.engine.descriptor.TestMethodTestDescriptor.lambda$invokeTestMethod$7(TestMethodTestDescriptor.java:218)
	at org.junit.platform.engine.support.hierarchical.ThrowableCollector.execute(ThrowableCollector.java:73)
	at org.junit.jupiter.engine.descriptor.TestMethodTestDescriptor.invokeTestMethod(TestMethodTestDescriptor.java:214)
	at org.junit.jupiter.engine.descriptor.TestMethodTestDescriptor.execute(TestMethodTestDescriptor.java:139)
	at org.junit.jupiter.engine.descriptor.TestMethodTestDescriptor.execute(TestMethodTestDescriptor.java:69)
	at org.junit.platform.engine.support.hierarchical.NodeTestTask.lambda$executeRecursively$6(NodeTestTask.java:151)
	at org.junit.platform.engine.support.hierarchical.ThrowableCollector.execute(ThrowableCollector.java:73)
	at org.junit.platform.engine.support.hierarchical.NodeTestTask.lambda$executeRecursively$8(NodeTestTask.java:141)
	at org.junit.platform.engine.support.hierarchical.Node.around(Node.java:137)
	at org.junit.platform.engine.support.hierarchical.NodeTestTask.lambda$executeRecursively$9(NodeTestTask.java:139)
	at org.junit.platform.engine.support.hierarchical.ThrowableCollector.execute(ThrowableCollector.java:73)
	at org.junit.platform.engine.support.hierarchical.NodeTestTask.executeRecursively(NodeTestTask.java:138)
	at org.junit.platform.engine.support.hierarchical.NodeTestTask.execute(NodeTestTask.java:95)
	at java.base/java.util.ArrayList.forEach(ArrayList.java:1604)
	at org.junit.platform.engine.support.hierarchical.SameThreadHierarchicalTestExecutorService.invokeAll(SameThreadHierarchicalTestExecutorService.java:41)
	at org.junit.platform.engine.support.hierarchical.NodeTestTask.lambda$executeRecursively$6(NodeTestTask.java:155)
	at org.junit.platform.engine.support.hierarchical.ThrowableCollector.execute(ThrowableCollector.java:73)
	at org.junit.platform.engine.support.hierarchical.NodeTestTask.lambda$executeRecursively$8(NodeTestTask.java:141)
	at org.junit.platform.engine.support.hierarchical.Node.around(Node.java:137)
	at org.junit.platform.engine.support.hierarchical.NodeTestTask.lambda$executeRecursively$9(NodeTestTask.java:139)
	at org.junit.platform.engine.support.hierarchical.ThrowableCollector.execute(ThrowableCollector.java:73)
	at org.junit.platform.engine.support.hierarchical.NodeTestTask.executeRecursively(NodeTestTask.java:138)
	at org.junit.platform.engine.support.hierarchical.NodeTestTask.execute(NodeTestTask.java:95)
	at java.base/java.util.ArrayList.forEach(ArrayList.java:1604)
	at org.junit.platform.engine.support.hierarchical.SameThreadHierarchicalTestExecutorService.invokeAll(SameThreadHierarchicalTestExecutorService.java:41)
	at org.junit.platform.engine.support.hierarchical.NodeTestTask.lambda$executeRecursively$6(NodeTestTask.java:155)
	at org.junit.platform.engine.support.hierarchical.ThrowableCollector.execute(ThrowableCollector.java:73)
	at org.junit.platform.engine.support.hierarchical.NodeTestTask.lambda$executeRecursively$8(NodeTestTask.java:141)
	at org.junit.platform.engine.support.hierarchical.Node.around(Node.java:137)
	at org.junit.platform.engine.support.hierarchical.NodeTestTask.lambda$executeRecursively$9(NodeTestTask.java:139)
	at org.junit.platform.engine.support.hierarchical.ThrowableCollector.execute(ThrowableCollector.java:73)
	at org.junit.platform.engine.support.hierarchical.NodeTestTask.executeRecursively(NodeTestTask.java:138)
	at org.junit.platform.engine.support.hierarchical.NodeTestTask.execute(NodeTestTask.java:95)
	at org.junit.platform.engine.support.hierarchical.SameThreadHierarchicalTestExecutorService.submit(SameThreadHierarchicalTestExecutorService.java:35)
	at org.junit.platform.engine.support.hierarchical.HierarchicalTestExecutor.execute(HierarchicalTestExecutor.java:57)
	at org.junit.platform.engine.support.hierarchical.HierarchicalTestEngine.execute(HierarchicalTestEngine.java:54)
	at org.junit.platform.launcher.core.EngineExecutionOrchestrator.execute(EngineExecutionOrchestrator.java:198)
	at org.junit.platform.launcher.core.EngineExecutionOrchestrator.execute(EngineExecutionOrchestrator.java:169)
	at org.junit.platform.launcher.core.EngineExecutionOrchestrator.execute(EngineExecutionOrchestrator.java:93)
	at org.junit.platform.launcher.core.EngineExecutionOrchestrator.lambda$execute$0(EngineExecutionOrchestrator.java:58)
	at org.junit.platform.launcher.core.EngineExecutionOrchestrator.withInterceptedStreams(EngineExecutionOrchestrator.java:141)
	at org.junit.platform.launcher.core.EngineExecutionOrchestrator.execute(EngineExecutionOrchestrator.java:57)
	at org.junit.platform.launcher.core.DefaultLauncher.execute(DefaultLauncher.java:103)
	at org.junit.platform.launcher.core.DefaultLauncher.execute(DefaultLauncher.java:85)
	at org.junit.platform.launcher.core.DelegatingLauncher.execute(DelegatingLauncher.java:47)
	at org.apache.maven.surefire.junitplatform.LazyLauncher.execute(LazyLauncher.java:56)
	at org.apache.maven.surefire.junitplatform.JUnitPlatformProvider.execute(JUnitPlatformProvider.java:184)
	at org.apache.maven.surefire.junitplatform.JUnitPlatformProvider.invokeAllTests(JUnitPlatformProvider.java:148)
	at org.apache.maven.surefire.junitplatform.JUnitPlatformProvider.invoke(JUnitPlatformProvider.java:122)
	at org.apache.maven.surefire.booter.ForkedBooter.runSuitesInProcess(ForkedBooter.java:385)
	at org.apache.maven.surefire.booter.ForkedBooter.execute(ForkedBooter.java:162)
	at org.apache.maven.surefire.booter.ForkedBooter.run(ForkedBooter.java:507)
	at org.apache.maven.surefire.booter.ForkedBooter.main(ForkedBooter.java:495)
2026-01-24 22:56:12.970 [main] INFO  c.simmerr.xsdjson.parser.XsdLoader - Loading File from path src/test/resources/simple-person.xsd
2026-01-24 22:56:12.978 [main] INFO  c.simmerr.xsdjson.parser.XsdLoader - Successfully loaded XSD Schema
2026-01-24 22:56:12.979 [main] INFO  c.simmerr.xsdjson.parser.XsdLoader - Loading File from path src/test/resources/invald.xsd
2026-01-24 22:56:12.979 [main] ERROR c.simmerr.xsdjson.parser.XsdLoader - XSD file not found: /Users/robert/Projects/XsdJsonGenerator/src/test/resources/invald.xsd
2026-01-24 22:56:12.984 [main] INFO  c.simmerr.xsdjson.parser.XsdLoader - Loading File from path src/test/resources/anonymous-type.xsd
2026-01-24 22:56:12.985 [main] INFO  c.simmerr.xsdjson.parser.XsdLoader - Successfully loaded XSD Schema
2026-01-24 22:56:12.985 [main] DEBUG c.s.x.parser.XsdElementExtractor - Element address has anonymous type
2026-01-24 22:56:12.986 [main] INFO  c.s.x.parser.XsdElementExtractor - Extracted element: {http://test.com/anonymous}
2026-01-24 22:56:12.986 [main] INFO  c.s.x.parser.XsdElementExtractor - Extracted element: {http://test.com/anonymous}
2026-01-24 22:56:12.986 [main] ERROR c.s.x.parser.XsdElementExtractor - elementName in findRootElement is null.
2026-01-24 22:56:12.987 [main] INFO  c.simmerr.xsdjson.parser.XsdLoader - Loading File from path src/test/resources/anonymous-type.xsd
2026-01-24 22:56:12.988 [main] INFO  c.simmerr.xsdjson.parser.XsdLoader - Successfully loaded XSD Schema
2026-01-24 22:56:12.988 [main] DEBUG c.s.x.parser.XsdElementExtractor - Element address has anonymous type
2026-01-24 22:56:12.988 [main] INFO  c.s.x.parser.XsdElementExtractor - Extracted element: {http://test.com/anonymous}
2026-01-24 22:56:12.988 [main] INFO  c.s.x.parser.XsdElementExtractor - Extracted element: {http://test.com/anonymous}
2026-01-24 22:56:12.989 [main] INFO  c.simmerr.xsdjson.parser.XsdLoader - Loading File from path src/test/resources/multiple-elements.xsd
2026-01-24 22:56:12.990 [main] INFO  c.simmerr.xsdjson.parser.XsdLoader - Successfully loaded XSD Schema
2026-01-24 22:56:12.990 [main] INFO  c.s.x.parser.XsdElementExtractor - Extracted element: {http://test.com/multiple}
2026-01-24 22:56:12.990 [main] INFO  c.s.x.parser.XsdElementExtractor - Extracted element: {http://test.com/multiple}
2026-01-24 22:56:12.990 [main] INFO  c.s.x.parser.XsdElementExtractor - Extracted element: {http://test.com/multiple}
2026-01-24 22:56:12.991 [main] INFO  c.simmerr.xsdjson.parser.XsdLoader - Loading File from path src/test/resources/simple-person.xsd
2026-01-24 22:56:12.992 [main] INFO  c.simmerr.xsdjson.parser.XsdLoader - Successfully loaded XSD Schema
2026-01-24 22:56:12.993 [main] INFO  c.simmerr.xsdjson.parser.XsdLoader - Loading File from path src/test/resources/simple-person.xsd
2026-01-24 22:56:12.993 [main] INFO  c.simmerr.xsdjson.parser.XsdLoader - Successfully loaded XSD Schema
2026-01-24 22:56:12.994 [main] INFO  c.s.x.parser.XsdElementExtractor - Element not-there could not be found in schema.
2026-01-24 22:56:12.995 [main] INFO  c.simmerr.xsdjson.parser.XsdLoader - Loading File from path src/test/resources/empty-schema.xsd
2026-01-24 22:56:12.996 [main] INFO  c.simmerr.xsdjson.parser.XsdLoader - Successfully loaded XSD Schema
2026-01-24 22:56:12.996 [main] INFO  c.s.x.parser.XsdElementExtractor - elementMap is empty.
2026-01-24 22:56:12.996 [main] INFO  c.simmerr.xsdjson.parser.XsdLoader - Loading File from path src/test/resources/anonymous-type.xsd
2026-01-24 22:56:12.997 [main] INFO  c.simmerr.xsdjson.parser.XsdLoader - Successfully loaded XSD Schema
2026-01-24 22:56:12.997 [main] DEBUG c.s.x.parser.XsdElementExtractor - Element address has anonymous type
2026-01-24 22:56:12.997 [main] INFO  c.s.x.parser.XsdElementExtractor - Extracted element: {http://test.com/anonymous}
2026-01-24 22:56:12.997 [main] INFO  c.s.x.parser.XsdElementExtractor - Extracted element: {http://test.com/anonymous}
2026-01-24 22:56:12.998 [main] INFO  c.simmerr.xsdjson.parser.XsdLoader - Loading File from path src/test/resources/anonymous-type.xsd
2026-01-24 22:56:12.999 [main] INFO  c.simmerr.xsdjson.parser.XsdLoader - Successfully loaded XSD Schema
2026-01-24 22:56:12.999 [main] DEBUG c.s.x.parser.XsdElementExtractor - Element address has anonymous type
2026-01-24 22:56:12.999 [main] INFO  c.s.x.parser.XsdElementExtractor - Extracted element: {http://test.com/anonymous}
2026-01-24 22:56:12.999 [main] INFO  c.s.x.parser.XsdElementExtractor - Extracted element: {http://test.com/anonymous}
2026-01-24 22:56:12.999 [main] DEBUG c.s.x.parser.XsdElementExtractor - Element address has anonymous type
2026-01-24 22:56:13.000 [main] INFO  c.simmerr.xsdjson.parser.XsdLoader - Loading File from path src/test/resources/simple-person.xsd
2026-01-24 22:56:13.001 [main] INFO  c.simmerr.xsdjson.parser.XsdLoader - Successfully loaded XSD Schema
2026-01-24 22:56:13.001 [main] INFO  c.s.x.parser.XsdElementExtractor - Extracted element: {http://test.com/person}
2026-01-24 22:56:13.001 [main] INFO  c.simmerr.xsdjson.parser.XsdLoader - Loading File from path src/test/resources/person-with-import.xsd
2026-01-24 22:56:13.002 [main] INFO  c.simmerr.xsdjson.parser.XsdLoader - Successfully loaded XSD Schema
2026-01-24 22:56:13.002 [main] INFO  c.s.x.parser.XsdElementExtractor - Extracted element: {http://test.com/person}
2026-01-24 22:56:13.003 [main] ERROR c.s.x.parser.XsdElementExtractor - XSModel is null but cant be.
